// Jest Snapshot v1, https://goo.gl/fbAQLP

exports[`Navbar component matches snapshot 1`] = `
<DocumentFragment>
  <nav
    class="navbar fixed-top  p-0 shadow text-monospace"
  >
    <a
      class="navbar-brand col-sm-3"
      href="http://brassey.io/"
      rel="noopener noreferrer"
      target="_blank"
    >
      <img
        alt="logo"
        height="40"
        src="dice_logo.png"
      />
       TossUp
    </a>
    <div
      class="hand"
    >
      <ul
        class="navbar-nav"
      >
        <div
          class="row text-center text-monospace"
        >
          <button
            class="btn high btn-sm"
            style="width: 125px; font-size: 17px;"
            type="submit"
          >
            <b>
              Connect
            </b>
          </button>
           
        </div>
      </ul>
    </div>
    <div
      class="spinner-border"
      id="loader"
      role="status"
    />
  </nav>
</DocumentFragment>
`;
